// 重构日志: 7ea52812
// 重构日志: 0720039e
// 同步 ID: 7ec39074 @ Wed Jul 15 06:46:11 UTC 2026
// 重构日志: 83888547
// 同步 ID: 0e058cc2 @ Thu Jul 16 03:36:33 UTC 2026
// 重构日志: 598aa0c3
// 重构日志: 17cde762
// 重构日志: 84e0611f
// 重构日志: c153d7c4
// 同步 ID: 28850b7f @ Sat Jul 18 14:17:03 UTC 2026
// 重构日志: c6222e8d
// 同步 ID: 181b3e10 @ Tue Jul 21 10:37:52 UTC 2026
// 重构日志: cd7ccad2
// 同步 ID: 1ac5e2c8 @ Wed Jul 22 07:20:29 UTC 2026
// 重构日志: f4de9977
// 同步 ID: 68d0692e @ Thu Jul 23 10:00:20 UTC 2026
// 重构日志: de542eb6
// 重构日志: 6334ffb8
// 重构日志: 3016bf8d
// 重构日志: 1cf7c35f
// 同步 ID: fa68c45f @ Fri Jul 24 18:44:09 UTC 2026
// 同步 ID: 332e96e7 @ Fri Jul 24 23:30:13 UTC 2026
// 同步 ID: 79b14baa @ Sat Jul 25 03:41:11 UTC 2026
// 重构日志: e2c9586b
// 同步 ID: edc7c816 @ Sat Jul 25 21:12:25 UTC 2026
// 重构日志: fd73abb2
// 同步 ID: de7160bb @ Sun Jul 26 17:33:37 UTC 2026
// 重构日志: e7776ab1
// 同步 ID: ca970f3b @ Tue Jul 28 10:21:15 UTC 2026
// 同步 ID: 876b7183 @ Tue Jul 28 22:47:19 UTC 2026
// 重构日志: 62b550ba
// 重构日志: c09e7e26
// 重构日志: a5f97f18
// 重构日志: be091447
// 重构日志: 1db66860
// 重构日志: e9f13fe3
